\BOOKMARK [1][-]{section.1}{\376\377\000T\000h\000\351\000o\000r\000i\000e\000\040\000d\000e\000s\000\040\000o\000p\000\351\000r\000a\000t\000e\000u\000r\000s\000\040\000d\000e\000\040\000F\000r\000e\000d\000h\000o\000l\000m}{}% 1
\BOOKMARK [2][-]{subsection.1.1}{\376\377\000C\000a\000l\000c\000u\000l\000\040\000d\000i\000f\000f\000\351\000r\000e\000n\000t\000i\000e\000l\000\040\000d\000a\000n\000s\000\040\000d\000e\000s\000\040\000E\000s\000p\000a\000c\000e\000s\000\040\000d\000e\000\040\000B\000a\000n\000a\000c\000h}{section.1}% 2
\BOOKMARK [2][-]{subsection.1.2}{\376\377\000O\000p\000\351\000r\000a\000t\000e\000u\000r\000s\000\040\000e\000t\000\040\000f\000o\000n\000c\000t\000i\000o\000n\000s\000\040\000d\000e\000\040\000F\000r\000e\000d\000h\000o\000l\000m}{section.1}% 3
\BOOKMARK [2][-]{subsection.1.3}{\376\377\000Q\000u\000e\000l\000q\000u\000e\000s\000\040\000r\000e\000m\000a\000r\000q\000u\000e\000s\000\040\000g\000\351\000o\000m\000\351\000t\000r\000i\000q\000u\000e\000s\000\040}{section.1}% 4
\BOOKMARK [2][-]{subsection.1.4}{\376\377\000O\000p\000\351\000r\000a\000t\000e\000u\000r\000s\000\040\000d\000e\000\040\000F\000r\000e\000d\000h\000o\000l\000m\000\040\000d\000i\000f\000f\000\351\000r\000e\000n\000t\000i\000e\000l\000s}{section.1}% 5
\BOOKMARK [1][-]{section.2}{\376\377\000A\000p\000p\000r\000o\000c\000h\000e\000\040\000a\000n\000a\000l\000y\000t\000i\000q\000u\000e}{}% 6
\BOOKMARK [2][-]{subsection.2.1}{\376\377\000L\000a\000\040\000r\000\351\000d\000u\000c\000t\000i\000o\000n\000\040\000d\000e\000\040\000L\000y\000a\000p\000u\000n\000o\000v\000-\000S\000c\000h\000m\000i\000d\000t}{section.2}% 7
\BOOKMARK [2][-]{subsection.2.2}{\376\377\000C\000a\000s\000\040\000o\000\371\000\040\000=\0001}{section.2}% 8
\BOOKMARK [2][-]{subsection.2.3}{\376\377\000C\000a\000s\000\040\000o\000\371\000\040\000=}{section.2}% 9
\BOOKMARK [1][-]{section.3}{\376\377\000A\000p\000p\000r\000o\000c\000h\000e\000\040\000v\000i\000a\000\040\000l\000a\000\040\000t\000h\000\351\000o\000r\000i\000e\000\040\000d\000e\000s\000\040\000s\000i\000n\000g\000u\000l\000a\000r\000i\000t\000\351\000s}{}% 10
\BOOKMARK [2][-]{subsection.3.1}{\376\377\000S\000t\000r\000u\000c\000t\000u\000r\000e\000\040\000a\000l\000g\000\351\000b\000r\000i\000q\000u\000e\000\040\000d\000e\000s\000\040\000g\000e\000r\000m\000e\000s\000\040\000d\000e\000\040\000f\000o\000n\000c\000t\000i\000o\000n\000s\000\040\000l\000i\000s\000s\000e\000s}{section.3}% 11
\BOOKMARK [2][-]{subsection.3.2}{\376\377\000R\000e\000l\000a\000t\000i\000o\000n\000s\000\040\000d\000'\000\351\000q\000u\000i\000v\000a\000l\000e\000n\000c\000e\000s\000:\000\040\000e\000x\000e\000m\000p\000l\000e\000\040\000i\000n\000t\000r\000o\000d\000u\000c\000t\000i\000f}{section.3}% 12
\BOOKMARK [2][-]{subsection.3.3}{\376\377\000d\000\351\000t\000e\000r\000m\000i\000n\000a\000t\000i\000o\000n\000\040\000f\000i\000n\000i\000e\000:\000\040\000g\000\351\000n\000\351\000r\000a\000l\000i\000t\000\351\000s}{section.3}% 13
\BOOKMARK [2][-]{subsection.3.4}{\376\377\000d\000\351\000p\000l\000o\000i\000e\000m\000e\000n\000t\000s\000\040\000e\000t\000\040\000e\000s\000p\000a\000c\000e\000s\000\040\000t\000a\000n\000g\000e\000n\000t\000s}{section.3}% 14
\BOOKMARK [2][-]{subsection.3.5}{\376\377\000E\000t\000u\000d\000e\000\040\000d\000u\000\040\000g\000r\000o\000u\000p\000e\000\040\000R\000B}{section.3}% 15
\BOOKMARK [3][-]{subsubsection.3.5.1}{\376\377\000E\000t\000u\000d\000e\000\040\000d\000e\000\040\000l\000'\000e\000s\000p\000a\000c\000e\000\040\000t\000a\000n\000g\000e\000n\000t}{subsection.3.5}% 16
\BOOKMARK [2][-]{subsection.3.6}{\376\377\000E\000t\000u\000d\000e\000\040\000d\000u\000\040\000g\000r\000o\000u\000p\000e\000\040\000B}{section.3}% 17
\BOOKMARK [2][-]{subsection.3.7}{\376\377\000A\000p\000p\000r\000o\000c\000h\000e\000\040\000v\000i\000a\000\040\000l\000e\000s\000\040\000c\000h\000e\000m\000i\000n\000s}{section.3}% 18
\BOOKMARK [1][-]{section.4}{\376\377\000A\000p\000p\000r\000o\000c\000h\000e\000\040\000t\000o\000p\000o\000l\000o\000g\000i\000q\000u\000e\000s}{}% 19
\BOOKMARK [2][-]{subsection.4.1}{\376\377\000I\000n\000t\000r\000o\000d\000u\000c\000t\000i\000o\000n\000\040\000\340\000\040\000l\000a\000\040\000t\000h\000\351\000o\000r\000i\000e\000\040\000d\000u\000\040\000d\000e\000g\000r\000\351}{section.4}% 20
\BOOKMARK [2][-]{subsection.4.2}{\376\377\000A\000p\000p\000r\000o\000c\000h\000e\000\040\000h\000i\000s\000t\000o\000r\000i\000q\000u\000e\000:\000\040\000l\000e\000\040\000d\000e\000g\000r\000\351\000\040\000d\000e\000\040\000L\000e\000r\000a\000y\000-\000S\000c\000h\000a\000u\000d\000e\000r}{section.4}% 21
\BOOKMARK [2][-]{subsection.4.3}{\376\377\000L\000e\000\040\000d\000e\000g\000r\000\351\000\040\000d\000e\000\040\000F\000u\000r\000i}{section.4}% 22
\BOOKMARK [3][-]{subsubsection.4.3.1}{\376\377\000O\000r\000i\000e\000n\000t\000a\000t\000i\000o\000n\000\040\000d\000e\000\040\000f\000o\000n\000c\000t\000i\000o\000n\000\040\000d\000e\000\040\000F\000r\000e\000d\000h\000o\000l\000m\000\040\000d\000'\000i\000n\000d\000i\000c\000e\000\040\000n\000u\000l}{subsection.4.3}% 23
\BOOKMARK [3][-]{subsubsection.4.3.2}{\376\377\000C\000o\000n\000s\000t\000r\000u\000c\000t\000i\000o\000n\000\040\000d\000u\000\040\000d\000e\000g\000r\000\351\000\040\000d\000e\000\040\000F\000u\000r\000i}{subsection.4.3}% 24
\BOOKMARK [3][-]{subsubsection.4.3.3}{\376\377\000U\000n\000\040\000r\000\351\000s\000u\000l\000t\000a\000t\000\040\000g\000l\000o\000b\000a\000l\000\040\000v\000i\000a\000\040\000l\000e\000\040\000d\000e\000g\000r\000\351\000\040\000d\000e\000\040\000F\000u\000r\000i}{subsection.4.3}% 25
\BOOKMARK [1][-]{section.5}{\376\377\000N\000o\000t\000i\000o\000n\000s\000\040\000d\000e\000\040\000d\000y\000n\000a\000m\000i\000q\000u\000e}{}% 26
\BOOKMARK [2][-]{subsection.5.1}{\376\377\000I\000n\000t\000r\000o\000d\000u\000c\000t\000i\000o\000n}{section.5}% 27
\BOOKMARK [2][-]{subsection.5.2}{\376\377\000L\000e\000\040\000p\000r\000i\000n\000c\000i\000p\000e\000\040\000d\000'\000\351\000c\000h\000a\000n\000g\000e\000\040\000d\000e\000\040\000s\000t\000a\000b\000i\000l\000i\000t\000\351}{section.5}% 28
\BOOKMARK [2][-]{subsection.5.3}{\376\377\000L\000a\000\040\000b\000i\000f\000u\000r\000c\000a\000t\000i\000o\000n\000\040\000d\000e\000\040\000H\000o\000p\000f}{section.5}% 29
\BOOKMARK [1][-]{section.6}{\376\377\000A\000p\000p\000l\000i\000c\000a\000t\000i\000o\000n\000s}{}% 30
